panel: 818 games

=== events: BOOK moves >=2pts — do exchanges anticipate or chase? (n=70, mean size 4.1pts) ===
  responder     pre(-1h)      at  post(+1h)   total  antic%
  kalshi          +0.41  +0.76     -0.05  +1.12    34%
  polymarket      +0.32  +0.86     -0.15  +1.04    23%
  sportsbook      +0.75  +4.13     +0.09  +4.97    60%
  kalshi: 37% of its total adjustment happens BEFORE the book's move, 68% same-step, -5% after (anticipation-direction share 34%, sign-test p=0.012)
  polymarket: 31% of its total adjustment happens BEFORE the book's move, 83% same-step, -14% after (anticipation-direction share 23%, sign-test p=0.000)

=== events: BOOK moves >=3pts (n=23, mean size 7.7pts) ===
  responder     pre(-1h)      at  post(+1h)   total  antic%
  kalshi          +0.82  +1.07     -0.95  +0.94    39%
  polymarket      +0.70  +0.53     -0.49  +0.73    30%
  sportsbook      +2.26  +7.74     -1.70  +8.30    57%

=== threshold sensitivity: events re-detected at each cut (sportsbook moves) ===
   thresh  events  mean size        kalshi antic% (p) polymarket antic% (p)
     1.0p     238       2.2p             28% (p=0.000)          26% (p=0.000)
     1.5p     146       2.9p             27% (p=0.000)          29% (p=0.000)
     2.0p      70       4.1p             34% (p=0.012)          23% (p=0.000)  <- module default
     3.0p      26       7.5p             42% (p=0.557)          35% (p=0.169)
  Read: across 4 readable cut(s) the anticipation share spans 23%-42%
  — BELOW 50% throughout, i.e. the exchanges had if anything drifted the
  wrong way before a book jump. There is no anticipation to find at any
  cut, so the null is a property of the data rather than of where the
  event boundary was drawn.
  Significantly below chance for both exchanges at: 1.0pt, 1.5pt, 2.0pt.

=== events: KALSHI moves >=2pts — does the book follow? (n=124, mean size 3.8pts) ===
  responder     pre(-1h)      at  post(+1h)   total  antic%
  kalshi          -0.35  +3.76     +0.09  +3.50    29%
  polymarket      +0.20  +0.74     +0.42  +1.24    25%
  sportsbook      -0.06  +0.58     +0.30  +0.94    54%
  book: 62% of its (small) response is same-step; post-window follow-through +0.30pts

saved results/book_moves.png
