snapshot-book-team rows: 33,034 | sport-seasons: 20 | books: 27

=== outright field overrounds by book (median across snapshots) ===
        sugarhouse: 1.19  (n=23)
          sport888: 1.19  (n=11)
         unibet_us: 1.20  (n=21)
           fanduel: 1.20  (n=133)
            unibet: 1.20  (n=28)
        draftkings: 1.20  (n=133)
          pinnacle: 1.20  (n=98) <- sharp
            betmgm: 1.20  (n=112)
          barstool: 1.20  (n=23)
         betrivers: 1.21  (n=147)
    williamhill_us: 1.21  (n=72)
            lowvig: 1.21  (n=19)
       betonlineag: 1.21  (n=71)
         everygame: 1.23  (n=64)
            bovada: 1.23  (n=81)
         superbook: 1.24  (n=21)
         intertops: 1.25  (n=11)
       williamhill: 1.25  (n=12)
       pointsbetus: 1.26  (n=33)
            foxbet: 1.27  (n=52)
     betfair_ex_eu: 1.37  (n=97) <- exchange
           betfair: 3.91  (n=38)
  [Kalshi outright fields: 1.03-1.06; game markets ~1.01-1.04]

=== book consensus outright calibration (4,729 team-snapshots) ===

  0-3 months out (vs exchange T-7/30d): n=1,913
    priced     n    avg    won     gap  $1 ret  exact p
      0-2c   961   0.6%   0.2%   -0.4p $  0.32    0.104
      2-5c   361   3.3%   1.7%   -1.7p $  0.50    0.078
     5-10c   292   7.3%   7.2%   -0.1p $  0.99    1.000
    10-20c   192  14.2%  18.2%   +4.0p $  1.28    0.121
    20-35c    68  25.8%  27.9%   +2.1p $  1.08    0.679
    35-50c    18  41.7%  44.4%   +2.7p $  1.06    0.816
    50-75c    15  59.3%  60.0%   +0.7p $  1.01    1.000
  sub-10c: n=1614, $1 -> $0.34 gross (sport-season-clustered se 0.08, 20 clusters) [exchanges: Kalshi $0.33, Poly ~$0.53]
  sub-10c under SHIN de-vig: n=1596, $1 -> $0.52 gross (tail-robust check)
  10-20c under SHIN: n=194, priced 14.1% won 17.0% (is the +9pt 'value pocket' a de-vig artifact?)

  3-12 months out: n=2,816
    priced     n    avg    won     gap  $1 ret  exact p
      0-2c  1484   0.9%   0.1%   -0.7p $  0.16    0.001
      2-5c   723   3.2%   1.9%   -1.3p $  0.61    0.056
     5-10c   441   7.0%   8.6%   +1.6p $  1.23    0.190
    10-20c   145  13.0%  20.7%   +7.7p $  1.60    0.009
    20-35c    21  23.5%  33.3%   +9.9p $  1.42    0.303
  sub-10c: n=2648, $1 -> $0.39 gross (sport-season-clustered se 0.08, 20 clusters) [exchanges: Kalshi $0.33, Poly ~$0.53]
  sub-10c under SHIN de-vig: n=2628, $1 -> $0.38 gross (tail-robust check)
  10-20c under SHIN: n=162, priced 13.3% won 21.0% (is the +9pt 'value pocket' a de-vig artifact?)
