=== deep coherence audit ===
  [PASS] no look-ahead: kalshi staleness >= 0
  [PASS] no look-ahead: polyus close <= start
  [PASS] no look-ahead: poly staleness >= 0
  [PASS] cross-source K-P: gross disagreements (<0.5%)
         K-P: median 0.5pt, p99 2.3pt, max 46.9pt
  [PASS] cross-source K-P: same favorite (>=98%)
  [PASS] cross-source K-B: gross disagreements (<0.5%)
         K-B: median 0.5pt, p99 2.8pt, max 26.9pt
  [PASS] cross-source K-B: same favorite (>=98%)
  [PASS] cross-source P-B: gross disagreements (<0.5%)
         P-B: median 0.6pt, p99 3.0pt, max 43.7pt
  [PASS] cross-source P-B: same favorite (>=98%)

  worst cross-source disagreements (13 games) — eyeball:
  game_id league       date                          team1                          team2  kalshi_p1  poly_p1  book_p1
401761590    CFB 2025-08-30            James Madison Dukes           Weber State Wildcats     0.9554   0.5100   0.9470
401752679    CFB 2025-08-30          Vanderbilt Commodores Charleston Southern Buccaneers     0.9751   0.5060      NaN
401757226    CFB 2025-08-30   Western Kentucky Hilltoppers            North Alabama Lions     0.9598   0.7750   0.9357
401761593    CFB 2025-08-30          South Alabama Jaguars             Morgan State Bears     0.9650   0.5750   0.9428
401752798    CFB 2025-08-30                    USC Trojans           Missouri State Bears     0.9655   0.6555   0.9644
401757233    CFB 2025-09-14 Florida International Panthers          Florida Atlantic Owls     0.5297   0.3100   0.5410
401871329    NBA 2026-05-12             Los Angeles Lakers          Oklahoma City Thunder     0.1750   0.4100   0.1760
401790340    NHL 2025-10-02            Tampa Bay Lightning               Florida Panthers     0.4951   0.7000      NaN
  [PASS] clock: PolyUS anchor fallback share (documented; filtered in four_way)
  [PASS] clock: PolyUS contaminated anchors bounded (<5% of matches)
         PolyUS-vs-ESPN start deltas: median 0.0min, p99 1375min (n=3,580)
  [PASS] home-win rate sane: CBB-M
  [PASS] home-win rate sane: CFB
  [PASS] home-win rate sane: MLB
  [PASS] home-win rate sane: NBA
  [PASS] home-win rate sane: NFL
  [PASS] home-win rate sane: NHL
  [PASS] home-win rate sane: WNBA
  [PASS] price-outcome corr positive: all source x league
  [PASS] bug signature: identical-quotes-both-sides only at coin flips
  [PASS] bug signature: kalshi 0.5/0.5 pairs are genuine coin flips
  [PASS] zombie: flat kalshi horizon paths (<10%)
  [PASS] zombie: dead kalshi minute series (<25%, resting books)
  [PASS] fork: horizons@start vs close pipeline (median <= 2pt)
         fork gap: median 0.5pt, p95 1.5pt, >10pt in 0.2% (n=8,409; trade path vs book-mid — small gaps expected)

deep audit: 24 pass, 0 warn, 0 FAIL
