settled multi-outcome contracts: 635 in 89 winner-take-all fields (34 series; median field size 3)

=== calibration at T-7d (fully-priced fields only: 88 fields, 603 contracts) ===
     priced      n  avg price     won     gap  $1 returns  exact p
       0-2c    192       1.0%    0.5%   -0.5p $     0.52    1.000
       2-5c     80       3.1%    0.0%   -3.1p $     0.00    0.182
      5-10c     68       6.8%    1.5%   -5.3p $     0.22    0.090
     10-20c     77      13.2%   13.0%   -0.2p $     0.98    1.000
     20-35c     82      26.2%   19.5%   -6.7p $     0.74    0.209
     35-50c     39      40.5%   23.1%  -17.4p $     0.57    0.033
     50-75c     37      59.7%   64.9%   +5.1p $     1.09    0.616
    75-100c     24      86.3%   62.5%  -23.8p $     0.72    0.003
        ALL    599      16.6%   12.7%         avg $1 stake ->  0.55 gross

=== calibration at T-30d (fully-priced fields only: 41 fields, 284 contracts) ===
     priced      n  avg price     won     gap  $1 returns  exact p
       0-2c     78       1.0%    1.3%   +0.3p $     1.28    0.543
       2-5c     42       3.5%    0.0%   -3.5p $     0.00    0.405
      5-10c     46       6.3%    4.3%   -2.0p $     0.69    1.000
     10-20c     35      12.8%    5.7%   -7.1p $     0.45    0.310
     20-35c     30      26.2%   23.3%   -2.9p $     0.89    0.837
     35-50c     26      42.0%   26.9%  -15.1p $     0.64    0.163
     50-75c     18      60.2%   66.7%   +6.5p $     1.11    0.638
        ALL    284      16.6%   13.0%         avg $1 stake ->  0.75 gross

=== the field overround: do prices sum to 1? ===
  T-7d: 77 fully-priced fields | field sum median 1.030, IQR 1.010-1.170 | books' futures overrounds run 1.2-1.6 on comparable fields
  T-30d: 39 fully-priced fields | field sum median 1.060, IQR 0.975-1.275 | books' futures overrounds run 1.2-1.6 on comparable fields

=== the BDW bridge ===
  sub-10c futures contracts (n=344): $1 stake returned $0.33 gross (se 0.28) — BDW's all-Kalshi figure was ~$0.40; our game-market figure was ~$1.00
  staleness robustness (re-queried trade timestamps, claim buckets):
  sub-10c prints are thin (median 16d stale), but FRESH prints
  (<=7d, n=114, avg 2.4c) had ZERO winners -> $0.00/$1. Not a
  staleness artifact; freshness makes it starker.

=== Polymarket outrights, same design (T-7d, fully-priced: 22 fields, 304 contracts) ===
     priced      n  avg price     won     gap  $1 returns  exact p
       0-2c     39       1.3%    0.0%   -1.3p $     0.00    1.000
       2-5c     35       3.4%    2.9%   -0.6p $     0.83    1.000
      5-10c     24       7.2%    4.2%   -3.0p $     0.58    1.000
     20-35c     21      27.0%    9.5%  -17.4p $     0.35    0.085
        ALL    165      19.6%   13.3%         avg $1 stake ->  0.59 gross
  Poly sub-10c (dust excluded, n=98): $1 -> $0.53 gross (se 0.37) vs Kalshi $0.33 — the pathology is EXCHANGE-GENERAL, not platform-specific
  Poly field sums: median 1.017, IQR 0.999-1.321
