
=== OVERALL (n=2,104 contract-sides) ===
calibration slope=0.903 (95% CI 0.71,1.10), intercept=-0.002
  slope<1 => overconfident/favorite-longshot; =1 => calibrated
calibration-in-the-large: mean_pred=0.5006 vs mean_obs=0.5000
ECE=0.0305  MCE=0.1815

per-bin (flagged * = obs differs from pred at p<0.05):
  (0.05, 0.1]    pred=0.095 obs=0.000 [0.00,0.79] n=   1 resid=-0.095  
  (0.1, 0.15]    pred=0.126 obs=0.231 [0.08,0.50] n=  13 resid=+0.105  
  (0.15, 0.2]    pred=0.177 obs=0.111 [0.02,0.44] n=   9 resid=-0.066  
  (0.2, 0.25]    pred=0.224 obs=0.259 [0.13,0.45] n=  27 resid=+0.035  
  (0.25, 0.3]    pred=0.278 obs=0.241 [0.12,0.42] n=  29 resid=-0.036  
  (0.3, 0.35]    pred=0.325 obs=0.295 [0.20,0.42] n=  61 resid=-0.030  
  (0.35, 0.4]    pred=0.378 obs=0.353 [0.28,0.43] n= 153 resid=-0.025  
  (0.4, 0.45]    pred=0.427 obs=0.475 [0.42,0.53] n= 339 resid=+0.048  
  (0.45, 0.5]    pred=0.476 obs=0.466 [0.42,0.51] n= 421 resid=-0.010  
  (0.5, 0.55]    pred=0.525 obs=0.539 [0.49,0.59] n= 423 resid=+0.014  
  (0.55, 0.6]    pred=0.572 obs=0.532 [0.48,0.59] n= 325 resid=-0.040  
  (0.6, 0.65]    pred=0.623 obs=0.600 [0.52,0.67] n= 160 resid=-0.023  
  (0.65, 0.7]    pred=0.675 obs=0.746 [0.62,0.84] n=  59 resid=+0.071  
  (0.7, 0.75]    pred=0.722 obs=0.750 [0.59,0.86] n=  36 resid=+0.028  
  (0.75, 0.8]    pred=0.779 obs=0.652 [0.45,0.81] n=  23 resid=-0.127  
  (0.8, 0.85]    pred=0.819 obs=1.000 [0.72,1.00] n=  10 resid=+0.181  
  (0.85, 0.9]    pred=0.874 obs=0.750 [0.47,0.91] n=  12 resid=-0.124  
  (0.9, 0.95]    pred=0.905 obs=1.000 [0.44,1.00] n=   3 resid=+0.095  

=== per league ===
  MLB    n= 1630 slope=0.97 cal-in-large=+0.000 ECE=0.023
  NBA    n=   86 slope=0.68 cal-in-large=+0.001 ECE=0.132
  NHL    n=   84 slope=1.82 cal-in-large=+0.001 ECE=0.058
  WNBA   n=  304 slope=0.84 cal-in-large=+0.002 ECE=0.025

=== irregularities ===
  spread tight(<=0.01)  n= 1898 ECE=0.014 mean_spread=0.010 cal-in-large=+0.001
  spread wide(>0.01)    n=  206 ECE=0.035 mean_spread=0.029 cal-in-large=+0.001
  quote <=5min  n= 1944 ECE=0.014
  quote >5min   n=  160 ECE=0.020

saved results/kalshi_nuance.png
