joint games with EU books: 5,312 | pinnacle: 5,284 | betfair_ex_eu: 3,718

=== mean |price gap| to each reference (pts, same games) ===
      Kalshi -> pinnacle (sharp): 0.72  US retail consensus: 0.71  betfair exchange: 0.55
  Polymarket -> pinnacle (sharp): 0.80  US retail consensus: 0.80  betfair exchange: 0.59
  [scale: |pinnacle - US retail| = 0.47pts]

=== Brier vs the sharp book (clustered DM by date) ===
  n=5,284: Kalshi 0.2206 | Poly 0.2207 | US consensus 0.2206 | Pinnacle 0.2207
    Kalshi vs Pinnacle: dBrier=-0.116e-3 z=-0.88 p=0.377 90%CI=(-0.33,+0.10)e-3
    Poly vs Pinnacle: dBrier=-0.022e-3 z=-0.16 p=0.873 90%CI=(-0.25,+0.21)e-3
    US consensus vs Pinnacle: dBrier=-0.087e-3 z=-1.11 p=0.265 90%CI=(-0.22,+0.04)e-3
  n=3,718: Kalshi 0.2140 | Poly 0.2141 | US consensus 0.2140 | Betfair exch 0.2140
    Kalshi vs Betfair exch: dBrier=+0.024e-3 z=+0.16 p=0.869 90%CI=(-0.22,+0.26)e-3
    Poly vs Betfair exch: dBrier=+0.105e-3 z=+0.73 p=0.466 90%CI=(-0.13,+0.34)e-3
    US consensus vs Betfair exch: dBrier=+0.054e-3 z=+0.51 p=0.613 90%CI=(-0.12,+0.23)e-3

=== retail deviation from the sharp line (Levitt shading test) ===
              book  all (pts)  home favs      n
         nordicbet      -0.13      -0.49  5,100
           betsson      -0.13      -0.48  5,116
       williamhill      -0.02      -0.29  4,146
         everygame      -0.07      -0.20  4,120
        mybookieag      -0.05      -0.19  5,145
          sport888      -0.00      -0.18  3,605
      betanysports      -0.06      -0.14  4,120
       betonlineag      -0.06      -0.12  5,232
            gtbets      -0.03      -0.09  5,110
        betclic_fr      +0.12      +0.02  2,391
       marathonbet      +0.11      +0.11  4,527
        winamax_fr      +0.16      +0.13  3,885
   parionssport_fr      +0.21      +0.19  2,524
         matchbook      +0.04      +0.19  4,633
         unibet_fr      +0.17      +0.21  4,012
     betfair_ex_eu      +0.07      +0.29  3,704
           coolbet      +0.18      +0.33  4,925
       leovegas_se      +0.20      +0.43  4,816
         codere_it      +0.27      +0.43  2,178
        winamax_de      +0.27      +0.49  3,885
         unibet_nl      +0.20      +0.50  5,217
         unibet_se      +0.21      +0.50  4,896
           onexbet      +0.26      +0.52  3,858
         tipico_de      +0.38      +0.88  4,160
  [shading toward favorites/public sides would show retail books systematically ABOVE pinnacle on home favorites]
