totals ladder contracts: 44,162 over 4,819 games; leagues {'MLB': 21542, 'NBA': 13373, 'NHL': 7121, 'WNBA': 2126}
price source: {'trade-recon': 0.673, 'book-mid': 0.327}
=== 1. COHERENCE: is each ladder a valid survival function? ===
   league  ladders   monotone   adj viol  exec arb  med rungs
      MLB    1,969     96.2%     0.43%    0.00%         11
      NBA    1,284     86.1%     1.79%    0.16%         11
      NHL    1,222     94.3%     1.26%    0.00%          5
     WNBA      290     99.3%     0.11%    0.00%          9
  (monotone = P(total>t) never rises with t; exec arb = a crossing a
   taker could actually lift, using stored bid/ask)

  monotone share by price source (reconstruction noise check):
   league           book-mid        trade-recon
      MLB    99.5% (n=1,188)      92.5% (n=917)
      NBA      100.0% (n=10)    86.1% (n=1,280)
      NHL      100.0% (n=11)    94.2% (n=1,211)
     WNBA     100.0% (n=240)       96.0% (n=50)

=== 2. CONTRACT-LEVEL CALIBRATION (every threshold contract) ===
   league       n    Brier     ECE   reliability by implied bucket
      MLB  21,542   0.1803  0.0103   [0.10,0.25) 0.196->0.210(n=3,361)  [0.25,0.50) 0.365->0.361(n=6,031)  [0.50,0.75) 0.628->0.615(n=5,207)  [0.75,0.90) 0.831->0.817(n=3,882)  [0.90,1.00) 0.944->0.938(n=3,037)
      NBA  13,373   0.2100  0.0044   [0.10,0.25) 0.202->0.212(n=1,463)  [0.25,0.50) 0.370->0.365(n=4,955)  [0.50,0.75) 0.625->0.623(n=4,897)  [0.75,0.90) 0.802->0.806(n=2,031)  [0.90,1.00) 0.915->1.000(n=26)
      NHL   7,121   0.1729  0.0123   [0.00,0.10) 0.069->0.061(n=378)  [0.10,0.25) 0.190->0.210(n=896)  [0.25,0.50) 0.380->0.370(n=1,824)  [0.50,0.75) 0.583->0.597(n=1,568)  [0.75,0.90) 0.827->0.839(n=1,908)  [0.90,1.00) 0.942->0.947(n=547)
     WNBA   2,126   0.2158  0.0242   [0.10,0.25) 0.198->0.216(n=194)  [0.25,0.50) 0.374->0.413(n=758)  [0.50,0.75) 0.628->0.611(n=786)  [0.75,0.90) 0.809->0.796(n=363)

=== 3. DISTRIBUTIONAL CALIBRATION — PIT of realized totals ===
  totals are integers and rungs sit at half-integers, so the tightest
  bracketing interval is exact; no game is dropped for being unbracketed
   league   games      KS         p   mean u   (0.5=unbiased)
      MLB   1,969  0.0202  3.96e-01    0.495   passes
      NBA   1,284  0.0180  7.93e-01    0.500   passes
      NHL   1,222  0.0300  2.18e-01    0.505   passes
     WNBA     290  0.0619  2.07e-01    0.509   passes

=== 4. THE MECHANISM TEST: totals vs margins, same games ===
  MLB games with BOTH a totals ladder and a spread ladder: 1,970
       layer   games       KS          p   mean u  med rungs
      TOTALS   1,969   0.0218   3.03e-01    0.496         11
     MARGINS   1,962   0.0291   6.99e-02    0.508

  VERDICT: both pass.

=== 5. THE EXTRAS CHANNEL ===
  MLB totals games with innings data: 1,970; 8.4% went to extras
  mean total runs — regulation 8.82 vs extras 9.58

  right-tail calibration (the region extras feed):
   threshold       n  implied P(over)   realized  gap (pts)       z
         1.5     404            0.969      0.970       +0.2   +0.21
         2.5   1,321            0.954      0.957       +0.3   +0.48
         3.5   1,807            0.901      0.887       -1.4   -1.94
         4.5   1,899            0.853      0.840       -1.3   -1.55
         5.5   1,942            0.757      0.743       -1.4   -1.46
         6.5   1,961            0.685      0.673       -1.2   -1.14
         7.5   1,964            0.574      0.557       -1.7   -1.49
         8.5   1,966            0.495      0.477       -1.8   -1.61
         9.5   1,967            0.393      0.392       -0.1   -0.08
        10.5   1,960            0.326      0.325       -0.1   -0.07
        11.5   1,940            0.249      0.256       +0.8   +0.77
        12.5   1,537            0.215      0.224       +0.9   +0.86
        13.5     589            0.207      0.222       +1.5   +0.90
        14.5     178            0.223      0.264       +4.1   +1.31
  (a systematically NEGATIVE gap at high thresholds = the implied
   right tail is too thin, i.e. the extras/blowout mass is missing)

saved results/totals.png
